---
source: emulator/src/preprocessor/mod.rs
expression: res
---
simple


fallback

definition

nested
