---
source: emulator/src/preprocessor/mod.rs
expression: report
---
  x Failed to process included file
  |->   x Failed to load file "/foo.S"
  |   
  `-> file not found
   ,-[/include.S:1:10]
 1 | #include "foo.S"
   :          ^^^|^^^
   :             `-- File included here
   `----
