---
source: emulator/src/preprocessor/mod.rs
expression: res
---
hello world
helloFOO
hello FOO
