---
source: emulator/src/preprocessor/mod.rs
expression: res
---
_FOO_ is defined
